Archive member included to satisfy reference by file (symbol)

/home/ben/Data/PER/Ac6/SystemWorkbench/plugins/fr.ac6.mcu.externaltools.arm-none.linux64_1.12.0.201611241417/tools/compiler/bin/../lib/gcc/arm-none-eabi/5.4.1/../../../../arm-none-eabi/lib/armv7e-m/fpu/libc_nano.a(lib_a-exit.o)
                              /home/ben/Data/PER/Ac6/SystemWorkbench/plugins/fr.ac6.mcu.externaltools.arm-none.linux64_1.12.0.201611241417/tools/compiler/bin/../lib/gcc/arm-none-eabi/5.4.1/../../../../arm-none-eabi/lib/armv7e-m/fpu/crt0.o (exit)
/home/ben/Data/PER/Ac6/SystemWorkbench/plugins/fr.ac6.mcu.externaltools.arm-none.linux64_1.12.0.201611241417/tools/compiler/bin/../lib/gcc/arm-none-eabi/5.4.1/../../../../arm-none-eabi/lib/armv7e-m/fpu/libc_nano.a(lib_a-impure.o)
                              /home/ben/Data/PER/Ac6/SystemWorkbench/plugins/fr.ac6.mcu.externaltools.arm-none.linux64_1.12.0.201611241417/tools/compiler/bin/../lib/gcc/arm-none-eabi/5.4.1/../../../../arm-none-eabi/lib/armv7e-m/fpu/libc_nano.a(lib_a-exit.o) (_global_impure_ptr)
/home/ben/Data/PER/Ac6/SystemWorkbench/plugins/fr.ac6.mcu.externaltools.arm-none.linux64_1.12.0.201611241417/tools/compiler/bin/../lib/gcc/arm-none-eabi/5.4.1/../../../../arm-none-eabi/lib/armv7e-m/fpu/libc_nano.a(lib_a-init.o)
                              /home/ben/Data/PER/Ac6/SystemWorkbench/plugins/fr.ac6.mcu.externaltools.arm-none.linux64_1.12.0.201611241417/tools/compiler/bin/../lib/gcc/arm-none-eabi/5.4.1/../../../../arm-none-eabi/lib/armv7e-m/fpu/crt0.o (__libc_init_array)
/home/ben/Data/PER/Ac6/SystemWorkbench/plugins/fr.ac6.mcu.externaltools.arm-none.linux64_1.12.0.201611241417/tools/compiler/bin/../lib/gcc/arm-none-eabi/5.4.1/../../../../arm-none-eabi/lib/armv7e-m/fpu/libc_nano.a(lib_a-memcpy-stub.o)
                              Middlewares/FreeRTOS/queue.o (memcpy)
/home/ben/Data/PER/Ac6/SystemWorkbench/plugins/fr.ac6.mcu.externaltools.arm-none.linux64_1.12.0.201611241417/tools/compiler/bin/../lib/gcc/arm-none-eabi/5.4.1/../../../../arm-none-eabi/lib/armv7e-m/fpu/libc_nano.a(lib_a-memset.o)
                              /home/ben/Data/PER/Ac6/SystemWorkbench/plugins/fr.ac6.mcu.externaltools.arm-none.linux64_1.12.0.201611241417/tools/compiler/bin/../lib/gcc/arm-none-eabi/5.4.1/../../../../arm-none-eabi/lib/armv7e-m/fpu/crt0.o (memset)
/home/ben/Data/PER/Ac6/SystemWorkbench/plugins/fr.ac6.mcu.externaltools.arm-none.linux64_1.12.0.201611241417/tools/compiler/bin/../lib/gcc/arm-none-eabi/5.4.1/../../../../arm-none-eabi/lib/armv7e-m/fpu/libnosys.a(_exit.o)
                              /home/ben/Data/PER/Ac6/SystemWorkbench/plugins/fr.ac6.mcu.externaltools.arm-none.linux64_1.12.0.201611241417/tools/compiler/bin/../lib/gcc/arm-none-eabi/5.4.1/../../../../arm-none-eabi/lib/armv7e-m/fpu/libc_nano.a(lib_a-exit.o) (_exit)

Allocating common symbols
Common symbol       size              file

defaultTaskHandle   0x4               Src/main.o
uwTick              0x4               Drivers/STM32L4xx_HAL_Driver/stm32l4xx_hal.o
xQueueRegistry      0x40              Middlewares/FreeRTOS/queue.o
pFlash              0x20              Drivers/STM32L4xx_HAL_Driver/stm32l4xx_hal_flash.o
i                   0x4               Src/main.o
htim1               0x3c              Src/stm32l4xx_hal_timebase_TIM.o
hcan1               0x40              Src/main.o
BTN1_LastPressedTime
                    0x4               Src/stm32l4xx_it.o
m_CAN               0x4               Src/main.o
q_txcan             0x4               Src/main.o

Discarded input sections

 .text          0x00000000        0x0 /home/ben/Data/PER/Ac6/SystemWorkbench/plugins/fr.ac6.mcu.externaltools.arm-none.linux64_1.12.0.201611241417/tools/compiler/bin/../lib/gcc/arm-none-eabi/5.4.1/armv7e-m/fpu/crti.o
 .data          0x00000000        0x0 /home/ben/Data/PER/Ac6/SystemWorkbench/plugins/fr.ac6.mcu.externaltools.arm-none.linux64_1.12.0.201611241417/tools/compiler/bin/../lib/gcc/arm-none-eabi/5.4.1/armv7e-m/fpu/crti.o
 .bss           0x00000000        0x0 /home/ben/Data/PER/Ac6/SystemWorkbench/plugins/fr.ac6.mcu.externaltools.arm-none.linux64_1.12.0.201611241417/tools/compiler/bin/../lib/gcc/arm-none-eabi/5.4.1/armv7e-m/fpu/crti.o
 .data          0x00000000        0x4 /home/ben/Data/PER/Ac6/SystemWorkbench/plugins/fr.ac6.mcu.externaltools.arm-none.linux64_1.12.0.201611241417/tools/compiler/bin/../lib/gcc/arm-none-eabi/5.4.1/armv7e-m/fpu/crtbegin.o
 .text          0x00000000       0x74 /home/ben/Data/PER/Ac6/SystemWorkbench/plugins/fr.ac6.mcu.externaltools.arm-none.linux64_1.12.0.201611241417/tools/compiler/bin/../lib/gcc/arm-none-eabi/5.4.1/../../../../arm-none-eabi/lib/armv7e-m/fpu/crt0.o
 .data          0x00000000        0x0 /home/ben/Data/PER/Ac6/SystemWorkbench/plugins/fr.ac6.mcu.externaltools.arm-none.linux64_1.12.0.201611241417/tools/compiler/bin/../lib/gcc/arm-none-eabi/5.4.1/../../../../arm-none-eabi/lib/armv7e-m/fpu/crt0.o
[...]
Memory Configuration

Name             Origin             Length             Attributes
RAM              0x20000000         0x0000c000         xrw
RAM2             0x10000000         0x00004000         xrw
FLASH            0x08000000         0x00040000         xr
*default*        0x00000000         0xffffffff

Linker script and memory map

LOAD /home/ben/Data/PER/Ac6/SystemWorkbench/plugins/fr.ac6.mcu.externaltools.arm-none.linux64_1.12.0.201611241417/tools/compiler/bin/../lib/gcc/arm-none-eabi/5.4.1/armv7e-m/fpu/crti.o
LOAD /home/ben/Data/PER/Ac6/SystemWorkbench/plugins/fr.ac6.mcu.externaltools.arm-none.linux64_1.12.0.201611241417/tools/compiler/bin/../lib/gcc/arm-none-eabi/5.4.1/armv7e-m/fpu/crtbegin.o
LOAD /home/ben/Data/PER/Ac6/SystemWorkbench/plugins/fr.ac6.mcu.externaltools.arm-none.linux64_1.12.0.201611241417/tools/compiler/bin/../lib/gcc/arm-none-eabi/5.4.1/../../../../arm-none-eabi/lib/armv7e-m/fpu/crt0.o
LOAD /home/ben/Data/PER/Ac6/SystemWorkbench/plugins/fr.ac6.mcu.externaltools.arm-none.linux64_1.12.0.201611241417/tools/compiler/bin/../lib/gcc/arm-none-eabi/5.4.1/../../../../arm-none-eabi/lib/armv7e-m/fpu/libm.a
LOAD Drivers/STM32L4xx_HAL_Driver/stm32l4xx_hal.o
LOAD Drivers/STM32L4xx_HAL_Driver/stm32l4xx_hal_can.o
LOAD Drivers/STM32L4xx_HAL_Driver/stm32l4xx_hal_cortex.o
LOAD Drivers/STM32L4xx_HAL_Driver/stm32l4xx_hal_dma.o
LOAD Drivers/STM32L4xx_HAL_Driver/stm32l4xx_hal_flash.o
LOAD Drivers/STM32L4xx_HAL_Driver/stm32l4xx_hal_flash_ex.o
LOAD Drivers/STM32L4xx_HAL_Driver/stm32l4xx_hal_flash_ramfunc.o
LOAD Drivers/STM32L4xx_HAL_Driver/stm32l4xx_hal_gpio.o
LOAD Drivers/STM32L4xx_HAL_Driver/stm32l4xx_hal_i2c.o
LOAD Drivers/STM32L4xx_HAL_Driver/stm32l4xx_hal_i2c_ex.o
LOAD Drivers/STM32L4xx_HAL_Driver/stm32l4xx_hal_pwr.o
LOAD Drivers/STM32L4xx_HAL_Driver/stm32l4xx_hal_pwr_ex.o
LOAD Drivers/STM32L4xx_HAL_Driver/stm32l4xx_hal_rcc.o
LOAD Drivers/STM32L4xx_HAL_Driver/stm32l4xx_hal_rcc_ex.o
LOAD Drivers/STM32L4xx_HAL_Driver/stm32l4xx_hal_tim.o
LOAD Drivers/STM32L4xx_HAL_Driver/stm32l4xx_hal_tim_ex.o
LOAD Middlewares/FreeRTOS/cmsis_os.o
LOAD Middlewares/FreeRTOS/croutine.o
LOAD Middlewares/FreeRTOS/event_groups.o
LOAD Middlewares/FreeRTOS/heap_4.o
LOAD Middlewares/FreeRTOS/list.o
LOAD Middlewares/FreeRTOS/port.o
LOAD Middlewares/FreeRTOS/queue.o
LOAD Middlewares/FreeRTOS/tasks.o
LOAD Middlewares/FreeRTOS/timers.o
LOAD Src/freertos.o
LOAD Src/main.o
LOAD Src/stm32l4xx_hal_msp.o
LOAD Src/stm32l4xx_hal_timebase_TIM.o
LOAD Src/stm32l4xx_it.o
LOAD Src/system_stm32l4xx.o
LOAD startup/startup_stm32l432xx.o
START GROUP
LOAD /home/ben/Data/PER/Ac6/SystemWorkbench/plugins/fr.ac6.mcu.externaltools.arm-none.linux64_1.12.0.201611241417/tools/compiler/bin/../lib/gcc/arm-none-eabi/5.4.1/armv7e-m/fpu/libgcc.a
LOAD /home/ben/Data/PER/Ac6/SystemWorkbench/plugins/fr.ac6.mcu.externaltools.arm-none.linux64_1.12.0.201611241417/tools/compiler/bin/../lib/gcc/arm-none-eabi/5.4.1/../../../../arm-none-eabi/lib/armv7e-m/fpu/libc_nano.a
END GROUP
START GROUP
LOAD /home/ben/Data/PER/Ac6/SystemWorkbench/plugins/fr.ac6.mcu.externaltools.arm-none.linux64_1.12.0.201611241417/tools/compiler/bin/../lib/gcc/arm-none-eabi/5.4.1/armv7e-m/fpu/libgcc.a
LOAD /home/ben/Data/PER/Ac6/SystemWorkbench/plugins/fr.ac6.mcu.externaltools.arm-none.linux64_1.12.0.201611241417/tools/compiler/bin/../lib/gcc/arm-none-eabi/5.4.1/../../../../arm-none-eabi/lib/armv7e-m/fpu/libc_nano.a
LOAD /home/ben/Data/PER/Ac6/SystemWorkbench/plugins/fr.ac6.mcu.externaltools.arm-none.linux64_1.12.0.201611241417/tools/compiler/bin/../lib/gcc/arm-none-eabi/5.4.1/../../../../arm-none-eabi/lib/armv7e-m/fpu/libnosys.a
END GROUP
START GROUP
LOAD /home/ben/Data/PER/Ac6/SystemWorkbench/plugins/fr.ac6.mcu.externaltools.arm-none.linux64_1.12.0.201611241417/tools/compiler/bin/../lib/gcc/arm-none-eabi/5.4.1/armv7e-m/fpu/libgcc.a
LOAD /home/ben/Data/PER/Ac6/SystemWorkbench/plugins/fr.ac6.mcu.externaltools.arm-none.linux64_1.12.0.201611241417/tools/compiler/bin/../lib/gcc/arm-none-eabi/5.4.1/../../../../arm-none-eabi/lib/armv7e-m/fpu/libc_nano.a
LOAD /home/ben/Data/PER/Ac6/SystemWorkbench/plugins/fr.ac6.mcu.externaltools.arm-none.linux64_1.12.0.201611241417/tools/compiler/bin/../lib/gcc/arm-none-eabi/5.4.1/../../../../arm-none-eabi/lib/armv7e-m/fpu/libnosys.a
END GROUP
LOAD /home/ben/Data/PER/Ac6/SystemWorkbench/plugins/fr.ac6.mcu.externaltools.arm-none.linux64_1.12.0.201611241417/tools/compiler/bin/../lib/gcc/arm-none-eabi/5.4.1/armv7e-m/fpu/crtend.o
LOAD /home/ben/Data/PER/Ac6/SystemWorkbench/plugins/fr.ac6.mcu.externaltools.arm-none.linux64_1.12.0.201611241417/tools/compiler/bin/../lib/gcc/arm-none-eabi/5.4.1/armv7e-m/fpu/crtn.o
                0x2000c000                _estack = 0x2000c000
                0x00000200                _Min_Heap_Size = 0x200
                0x00000400                _Min_Stack_Size = 0x400

.isr_vector     0x08000000      0x190
                0x08000000                . = ALIGN (0x8)
 *(.isr_vector)
 .isr_vector    0x08000000      0x18c startup/startup_stm32l432xx.o
                0x08000000                g_pfnVectors
                0x08000190                . = ALIGN (0x8)
 *fill*         0x0800018c        0x4 

.text           0x08000190     0x2c88
                0x08000190                . = ALIGN (0x8)
 *(.text)
 .text          0x08000190       0x5c /home/ben/Data/PER/Ac6/SystemWorkbench/plugins/fr.ac6.mcu.externaltools.arm-none.linux64_1.12.0.201611241417/tools/compiler/bin/../lib/gcc/arm-none-eabi/5.4.1/armv7e-m/fpu/crtbegin.o
 *(.text*)
 .text.HAL_Init
                0x080001ec       0x16 Drivers/STM32L4xx_HAL_Driver/stm32l4xx_hal.o
                0x080001ec                HAL_Init
 *fill*         0x08000202        0x2 
 .text.HAL_IncTick
                0x08000204       0x10 Drivers/STM32L4xx_HAL_Driver/stm32l4xx_hal.o
                0x08000204                HAL_IncTick
 .text.HAL_GetTick
                0x08000214        0xc Drivers/STM32L4xx_HAL_Driver/stm32l4xx_hal.o
                0x08000214                HAL_GetTick
 .text.HAL_CAN_Init
                0x08000220      0x12c Drivers/STM32L4xx_HAL_Driver/stm32l4xx_hal_can.o
                0x08000220                HAL_CAN_Init
 .text.HAL_CAN_Transmit_IT
                0x0800034c       0xdc Drivers/STM32L4xx_HAL_Driver/stm32l4xx_hal_can.o
                0x0800034c                HAL_CAN_Transmit_IT
 .text.HAL_CAN_TxCpltCallback
                0x08000428        0x2 Drivers/STM32L4xx_HAL_Driver/stm32l4xx_hal_can.o
                0x08000428                HAL_CAN_TxCpltCallback
 .text.HAL_CAN_RxCpltCallback
                0x0800042a        0x2 Drivers/STM32L4xx_HAL_Driver/stm32l4xx_hal_can.o
                0x0800042a                HAL_CAN_RxCpltCallback
 .text.CAN_Receive_IT
                0x0800042c       0xfc Drivers/STM32L4xx_HAL_Driver/stm32l4xx_hal_can.o
 .text.HAL_CAN_ErrorCallback
                0x08000528        0x2 Drivers/STM32L4xx_HAL_Driver/stm32l4xx_hal_can.o
                0x08000528                HAL_CAN_ErrorCallback
 *fill*         0x0800052a        0x2 
 .text.HAL_CAN_IRQHandler
                0x0800052c      0x16c Drivers/STM32L4xx_HAL_Driver/stm32l4xx_hal_can.o
                0x0800052c                HAL_CAN_IRQHandler
 .text.HAL_CAN_GetState
                0x08000698        0x6 Drivers/STM32L4xx_HAL_Driver/stm32l4xx_hal_can.o
                0x08000698                HAL_CAN_GetState
 *fill*         0x0800069e        0x2 
 .text.HAL_NVIC_SetPriorityGrouping
                0x080006a0       0x24 Drivers/STM32L4xx_HAL_Driver/stm32l4xx_hal_cortex.o
                0x080006a0                HAL_NVIC_SetPriorityGrouping
 .text.HAL_NVIC_SetPriority
                0x080006c4       0x68 Drivers/STM32L4xx_HAL_Driver/stm32l4xx_hal_cortex.o
                0x080006c4                HAL_NVIC_SetPriority
 .text.HAL_NVIC_EnableIRQ
                0x0800072c       0x18 Drivers/STM32L4xx_HAL_Driver/stm32l4xx_hal_cortex.o
                0x0800072c                HAL_NVIC_EnableIRQ
 .text.HAL_SYSTICK_Config
                0x08000744       0x2c Drivers/STM32L4xx_HAL_Driver/stm32l4xx_hal_cortex.o
                0x08000744                HAL_SYSTICK_Config
 .text.HAL_SYSTICK_CLKSourceConfig
                0x08000770       0x18 Drivers/STM32L4xx_HAL_Driver/stm32l4xx_hal_cortex.o
                0x08000770                HAL_SYSTICK_CLKSourceConfig
 .text.HAL_GPIO_Init
                0x08000788      0x178 Drivers/STM32L4xx_HAL_Driver/stm32l4xx_hal_gpio.o
                0x08000788                HAL_GPIO_Init
 .text.HAL_GPIO_WritePin
                0x08000900        0xa Drivers/STM32L4xx_HAL_Driver/stm32l4xx_hal_gpio.o
                0x08000900                HAL_GPIO_WritePin
 .text.HAL_GPIO_TogglePin
                0x0800090a        0x8 Drivers/STM32L4xx_HAL_Driver/stm32l4xx_hal_gpio.o
                0x0800090a                HAL_GPIO_TogglePin
 .text.HAL_GPIO_EXTI_Callback
                0x08000912        0x2 Drivers/STM32L4xx_HAL_Driver/stm32l4xx_hal_gpio.o
                0x08000912                HAL_GPIO_EXTI_Callback
 .text.HAL_GPIO_EXTI_IRQHandler
                0x08000914       0x18 Drivers/STM32L4xx_HAL_Driver/stm32l4xx_hal_gpio.o
                0x08000914                HAL_GPIO_EXTI_IRQHandler
 .text.HAL_PWREx_GetVoltageRange
                0x0800092c       0x10 Drivers/STM32L4xx_HAL_Driver/stm32l4xx_hal_pwr_ex.o
                0x0800092c                HAL_PWREx_GetVoltageRange
 .text.HAL_PWREx_ControlVoltageScaling
                0x0800093c       0x6c Drivers/STM32L4xx_HAL_Driver/stm32l4xx_hal_pwr_ex.o
                0x0800093c                HAL_PWREx_ControlVoltageScaling
 .text.RCC_SetFlashLatencyFromMSIRange
                0x080009a8       0x84 Drivers/STM32L4xx_HAL_Driver/stm32l4xx_hal_rcc.o
 .text.HAL_RCC_GetSysClockFreq
                0x08000a2c      0x13c Drivers/STM32L4xx_HAL_Driver/stm32l4xx_hal_rcc.o
                0x08000a2c                HAL_RCC_GetSysClockFreq
 .text.HAL_RCC_OscConfig
                0x08000b68      0x4e4 Drivers/STM32L4xx_HAL_Driver/stm32l4xx_hal_rcc.o
                0x08000b68                HAL_RCC_OscConfig
 .text.HAL_RCC_ClockConfig
                0x0800104c      0x170 Drivers/STM32L4xx_HAL_Driver/stm32l4xx_hal_rcc.o
                0x0800104c                HAL_RCC_ClockConfig
 .text.HAL_RCC_GetHCLKFreq
                0x080011bc        0xc Drivers/STM32L4xx_HAL_Driver/stm32l4xx_hal_rcc.o
                0x080011bc                HAL_RCC_GetHCLKFreq
 .text.HAL_RCC_GetPCLK2Freq
                0x080011c8       0x30 Drivers/STM32L4xx_HAL_Driver/stm32l4xx_hal_rcc.o
                0x080011c8                HAL_RCC_GetPCLK2Freq
 .text.HAL_RCC_GetClockConfig
                0x080011f8       0x3c Drivers/STM32L4xx_HAL_Driver/stm32l4xx_hal_rcc.o
                0x080011f8                HAL_RCC_GetClockConfig
 .text.HAL_TIM_Base_MspInit
                0x08001234        0x2 Drivers/STM32L4xx_HAL_Driver/stm32l4xx_hal_tim.o
                0x08001234                HAL_TIM_Base_MspInit
 .text.HAL_TIM_Base_Start_IT
                0x08001236       0x16 Drivers/STM32L4xx_HAL_Driver/stm32l4xx_hal_tim.o
                0x08001236                HAL_TIM_Base_Start_IT
 .text.HAL_TIM_OC_DelayElapsedCallback
                0x0800124c        0x2 Drivers/STM32L4xx_HAL_Driver/stm32l4xx_hal_tim.o
                0x0800124c                HAL_TIM_OC_DelayElapsedCallback
 .text.HAL_TIM_IC_CaptureCallback
                0x0800124e        0x2 Drivers/STM32L4xx_HAL_Driver/stm32l4xx_hal_tim.o
                0x0800124e                HAL_TIM_IC_CaptureCallback
 .text.HAL_TIM_PWM_PulseFinishedCallback
                0x08001250        0x2 Drivers/STM32L4xx_HAL_Driver/stm32l4xx_hal_tim.o
                0x08001250                HAL_TIM_PWM_PulseFinishedCallback
 .text.HAL_TIM_TriggerCallback
                0x08001252        0x2 Drivers/STM32L4xx_HAL_Driver/stm32l4xx_hal_tim.o
                0x08001252                HAL_TIM_TriggerCallback
 .text.HAL_TIM_IRQHandler
                0x08001254      0x144 Drivers/STM32L4xx_HAL_Driver/stm32l4xx_hal_tim.o
                0x08001254                HAL_TIM_IRQHandler
 .text.TIM_Base_SetConfig
                0x08001398       0x6c Drivers/STM32L4xx_HAL_Driver/stm32l4xx_hal_tim.o
                0x08001398                TIM_Base_SetConfig
 .text.HAL_TIM_Base_Init
                0x08001404       0x34 Drivers/STM32L4xx_HAL_Driver/stm32l4xx_hal_tim.o
                0x08001404                HAL_TIM_Base_Init
 .text.HAL_TIMEx_CommutationCallback
                0x08001438        0x2 Drivers/STM32L4xx_HAL_Driver/stm32l4xx_hal_tim_ex.o
                0x08001438                HAL_TIMEx_CommutationCallback
 .text.HAL_TIMEx_BreakCallback
                0x0800143a        0x2 Drivers/STM32L4xx_HAL_Driver/stm32l4xx_hal_tim_ex.o
                0x0800143a                HAL_TIMEx_BreakCallback
 .text.osKernelStart
                0x0800143c        0xa Middlewares/FreeRTOS/cmsis_os.o
                0x0800143c                osKernelStart
 .text.osThreadCreate
                0x08001446       0x38 Middlewares/FreeRTOS/cmsis_os.o
                0x08001446                osThreadCreate
 .text.osDelay  0x0800147e       0x10 Middlewares/FreeRTOS/cmsis_os.o
                0x0800147e                osDelay
 .text.osSystickHandler
                0x0800148e       0x14 Middlewares/FreeRTOS/cmsis_os.o
                0x0800148e                osSystickHandler
 *fill*         0x080014a2        0x2 
 .text.unlikely.prvInsertBlockIntoFreeList
                0x080014a4       0x44 Middlewares/FreeRTOS/heap_4.o
 .text.pvPortMalloc
                0x080014e8      0x11c Middlewares/FreeRTOS/heap_4.o
                0x080014e8                pvPortMalloc
 .text.vPortFree
                0x08001604       0x70 Middlewares/FreeRTOS/heap_4.o
                0x08001604                vPortFree
 .text.vListInitialise
                0x08001674       0x16 Middlewares/FreeRTOS/list.o
                0x08001674                vListInitialise
 .text.vListInitialiseItem
                0x0800168a        0x6 Middlewares/FreeRTOS/list.o
                0x0800168a                vListInitialiseItem
 .text.vListInsertEnd
                0x08001690       0x18 Middlewares/FreeRTOS/list.o
                0x08001690                vListInsertEnd
 .text.vListInsert
                0x080016a8       0x30 Middlewares/FreeRTOS/list.o
                0x080016a8                vListInsert
 .text.uxListRemove
                0x080016d8       0x20 Middlewares/FreeRTOS/list.o
                0x080016d8                uxListRemove
 .text.prvTaskExitError
                0x080016f8       0x30 Middlewares/FreeRTOS/port.o
 .text.prvPortStartFirstTask
                0x08001728       0x20 Middlewares/FreeRTOS/port.o
 .text.vPortEnableVFP
                0x08001748       0x14 Middlewares/FreeRTOS/port.o
 .text.pxPortInitialiseStack
                0x0800175c       0x24 Middlewares/FreeRTOS/port.o
                0x0800175c                pxPortInitialiseStack
 .text.SVC_Handler
                0x08001780       0x20 Middlewares/FreeRTOS/port.o
                0x08001780                SVC_Handler
 .text.vPortEnterCritical
                0x080017a0       0x44 Middlewares/FreeRTOS/port.o
                0x080017a0                vPortEnterCritical
 .text.vPortExitCritical
                0x080017e4       0x28 Middlewares/FreeRTOS/port.o
                0x080017e4                vPortExitCritical
 .text.PendSV_Handler
                0x0800180c       0x60 Middlewares/FreeRTOS/port.o
                0x0800180c                PendSV_Handler
 .text.xPortSysTickHandler
                0x0800186c       0x30 Middlewares/FreeRTOS/port.o
                0x0800186c                xPortSysTickHandler
 .text.vPortSetupTimerInterrupt
                0x0800189c       0x28 Middlewares/FreeRTOS/port.o
                0x0800189c                vPortSetupTimerInterrupt
 .text.xPortStartScheduler
                0x080018c4       0xe4 Middlewares/FreeRTOS/port.o
                0x080018c4                xPortStartScheduler
 .text.vPortValidateInterruptPriority
                0x080019a8       0x54 Middlewares/FreeRTOS/port.o
                0x080019a8                vPortValidateInterruptPriority
 .text.unlikely.prvCopyDataToQueue
                0x080019fc       0x6a Middlewares/FreeRTOS/queue.o
 .text.unlikely.prvCopyDataFromQueue
                0x08001a66       0x2a Middlewares/FreeRTOS/queue.o
 .text.prvUnlockQueue
                0x08001a90       0x68 Middlewares/FreeRTOS/queue.o
 .text.xQueueGenericReset
                0x08001af8       0x80 Middlewares/FreeRTOS/queue.o
                0x08001af8                xQueueGenericReset
 .text.xQueueGenericCreate
                0x08001b78       0x64 Middlewares/FreeRTOS/queue.o
                0x08001b78                xQueueGenericCreate
 .text.xQueueGenericSend
                0x08001bdc      0x164 Middlewares/FreeRTOS/queue.o
                0x08001bdc                xQueueGenericSend
 .text.xQueueCreateMutex
                0x08001d40       0x4a Middlewares/FreeRTOS/queue.o
                0x08001d40                xQueueCreateMutex
 .text.xQueueGenericSendFromISR
                0x08001d8a       0xb8 Middlewares/FreeRTOS/queue.o
                0x08001d8a                xQueueGenericSendFromISR
 *fill*         0x08001e42        0x2 
 .text.xQueueGenericReceive
                0x08001e44      0x16c Middlewares/FreeRTOS/queue.o
                0x08001e44                xQueueGenericReceive
 .text.prvResetNextTaskUnblockTime
                0x08001fb0       0x20 Middlewares/FreeRTOS/tasks.o
 .text.prvAddCurrentTaskToDelayedList
                0x08001fd0       0x38 Middlewares/FreeRTOS/tasks.o
 .text.xTaskGenericCreate.part.5
                0x08002008      0x1a0 Middlewares/FreeRTOS/tasks.o
 .text.vTaskSetTimeOutState.part.7
                0x080021a8       0x12 Middlewares/FreeRTOS/tasks.o
 .text.xTaskGenericCreate
                0x080021ba       0x3c Middlewares/FreeRTOS/tasks.o
                0x080021ba                xTaskGenericCreate
 *fill*         0x080021f6        0x2 
 .text.vTaskStartScheduler
                0x080021f8       0x68 Middlewares/FreeRTOS/tasks.o
                0x080021f8                vTaskStartScheduler
 .text.vTaskSuspendAll
                0x08002260       0x14 Middlewares/FreeRTOS/tasks.o
                0x08002260                vTaskSuspendAll
 .text.xTaskGetTickCount
                0x08002274        0xc Middlewares/FreeRTOS/tasks.o
                0x08002274                xTaskGetTickCount
 .text.xTaskIncrementTick
                0x08002280       0xf4 Middlewares/FreeRTOS/tasks.o
                0x08002280                xTaskIncrementTick
 .text.xTaskResumeAll
                0x08002374       0xe8 Middlewares/FreeRTOS/tasks.o
                0x08002374                xTaskResumeAll
 .text.vTaskDelay
                0x0800245c       0x70 Middlewares/FreeRTOS/tasks.o
                0x0800245c                vTaskDelay
 .text.prvIdleTask
                0x080024cc       0x70 Middlewares/FreeRTOS/tasks.o
 .text.vTaskSwitchContext
                0x0800253c       0x68 Middlewares/FreeRTOS/tasks.o
                0x0800253c                vTaskSwitchContext
 .text.vTaskPlaceOnEventList
                0x080025a4       0x68 Middlewares/FreeRTOS/tasks.o
                0x080025a4                vTaskPlaceOnEventList
 .text.xTaskRemoveFromEventList
                0x0800260c       0x78 Middlewares/FreeRTOS/tasks.o
                0x0800260c                xTaskRemoveFromEventList
 .text.vTaskSetTimeOutState
                0x08002684       0x1c Middlewares/FreeRTOS/tasks.o
                0x08002684                vTaskSetTimeOutState
 .text.xTaskCheckForTimeOut
                0x080026a0       0x70 Middlewares/FreeRTOS/tasks.o
                0x080026a0                xTaskCheckForTimeOut
 .text.vTaskMissedYield
                0x08002710       0x10 Middlewares/FreeRTOS/tasks.o
                0x08002710                vTaskMissedYield
 .text.xTaskGetSchedulerState
                0x08002720       0x20 Middlewares/FreeRTOS/tasks.o
                0x08002720                xTaskGetSchedulerState
 .text.vTaskPriorityInherit
                0x08002740       0x94 Middlewares/FreeRTOS/tasks.o
                0x08002740                vTaskPriorityInherit
 .text.xTaskPriorityDisinherit
                0x080027d4       0xa4 Middlewares/FreeRTOS/tasks.o
                0x080027d4                xTaskPriorityDisinherit
 .text.pvTaskIncrementMutexHeldCount
                0x08002878       0x18 Middlewares/FreeRTOS/tasks.o
                0x08002878                pvTaskIncrementMutexHeldCount
 .text.taskTXCAN
                0x08002890       0x70 Src/main.o
                0x08002890                taskTXCAN
 .text.StartDefaultTask
                0x08002900        0xa Src/main.o
                0x08002900                StartDefaultTask
 .text.SystemClock_Config
                0x0800290a       0x7e Src/main.o
                0x0800290a                SystemClock_Config
 .text.startup.main
                0x08002988      0x170 Src/main.o
                0x08002988                main
 .text.HAL_TIM_PeriodElapsedCallback
                0x08002af8       0x14 Src/main.o
                0x08002af8                HAL_TIM_PeriodElapsedCallback
 .text.HAL_MspInit
                0x08002b0c       0x8c Src/stm32l4xx_hal_msp.o
                0x08002b0c                HAL_MspInit
 .text.HAL_CAN_MspInit
                0x08002b98       0x5c Src/stm32l4xx_hal_msp.o
                0x08002b98                HAL_CAN_MspInit
 .text.HAL_InitTick
                0x08002bf4       0x78 Src/stm32l4xx_hal_timebase_TIM.o
                0x08002bf4                HAL_InitTick
 .text.SysTick_Handler
                0x08002c6c        0x4 Src/stm32l4xx_it.o
                0x08002c6c                SysTick_Handler
 .text.CAN1_TX_IRQHandler
                0x08002c70        0xc Src/stm32l4xx_it.o
                0x08002c70                CAN1_TX_IRQHandler
 .text.EXTI9_5_IRQHandler
                0x08002c7c       0x68 Src/stm32l4xx_it.o
                0x08002c7c                EXTI9_5_IRQHandler
 .text.TIM1_UP_TIM16_IRQHandler
                0x08002ce4        0xc Src/stm32l4xx_it.o
                0x08002ce4                TIM1_UP_TIM16_IRQHandler
 .text.SystemInit
                0x08002cf0       0x48 Src/system_stm32l4xx.o
                0x08002cf0                SystemInit
 .text.Reset_Handler
                0x08002d38       0x50 startup/startup_stm32l432xx.o
                0x08002d38                Reset_Handler
 .text.Default_Handler
                0x08002d88        0x2 startup/startup_stm32l432xx.o
                0x08002d88                RTC_Alarm_IRQHandler
                0x08002d88                EXTI2_IRQHandler
                0x08002d88                DebugMon_Handler
                0x08002d88                TIM1_CC_IRQHandler
                0x08002d88                TSC_IRQHandler
                0x08002d88                HardFault_Handler
                0x08002d88                TAMP_STAMP_IRQHandler
                0x08002d88                NMI_Handler
                0x08002d88                EXTI3_IRQHandler
                0x08002d88                LPTIM2_IRQHandler
                0x08002d88                I2C3_ER_IRQHandler
                0x08002d88                EXTI0_IRQHandler
                0x08002d88                CAN1_RX0_IRQHandler
                0x08002d88                FPU_IRQHandler
                0x08002d88                UsageFault_Handler
                0x08002d88                SPI1_IRQHandler
                0x08002d88                TIM6_DAC_IRQHandler
                0x08002d88                DMA2_Channel2_IRQHandler
                0x08002d88                DMA1_Channel4_IRQHandler
                0x08002d88                ADC1_IRQHandler
                0x08002d88                DMA1_Channel7_IRQHandler
                0x08002d88                CAN1_RX1_IRQHandler
                0x08002d88                DMA2_Channel1_IRQHandler
                0x08002d88                QUADSPI_IRQHandler
                0x08002d88                I2C1_EV_IRQHandler
                0x08002d88                DMA1_Channel6_IRQHandler
                0x08002d88                DMA2_Channel4_IRQHandler
                0x08002d88                RCC_IRQHandler
                0x08002d88                TIM1_TRG_COM_IRQHandler
                0x08002d88                DMA1_Channel1_IRQHandler
                0x08002d88                Default_Handler
                0x08002d88                DMA2_Channel7_IRQHandler
                0x08002d88                EXTI15_10_IRQHandler
                0x08002d88                TIM7_IRQHandler
                0x08002d88                I2C3_EV_IRQHandler
                0x08002d88                USB_IRQHandler
                0x08002d88                RTC_WKUP_IRQHandler
                0x08002d88                PVD_PVM_IRQHandler
                0x08002d88                MemManage_Handler
                0x08002d88                DMA2_Channel5_IRQHandler
                0x08002d88                CRS_IRQHandler
                0x08002d88                DMA1_Channel5_IRQHandler
                0x08002d88                EXTI4_IRQHandler
                0x08002d88                RNG_IRQHandler
                0x08002d88                DMA1_Channel3_IRQHandler
                0x08002d88                COMP_IRQHandler
                0x08002d88                WWDG_IRQHandler
                0x08002d88                LPUART1_IRQHandler
                0x08002d88                DMA2_Channel6_IRQHandler
                0x08002d88                TIM2_IRQHandler
                0x08002d88                EXTI1_IRQHandler
                0x08002d88                USART2_IRQHandler
                0x08002d88                DMA1_Channel2_IRQHandler
                0x08002d88                CAN1_SCE_IRQHandler
                0x08002d88                FLASH_IRQHandler
                0x08002d88                BusFault_Handler
                0x08002d88                USART1_IRQHandler
                0x08002d88                SPI3_IRQHandler
                0x08002d88                I2C1_ER_IRQHandler
                0x08002d88                SWPMI1_IRQHandler
                0x08002d88                LPTIM1_IRQHandler
                0x08002d88                SAI1_IRQHandler
                0x08002d88                DMA2_Channel3_IRQHandler
                0x08002d88                TIM1_BRK_TIM15_IRQHandler
 *fill*         0x08002d8a        0x2 
 .text.__libc_init_array
                0x08002d8c       0x4c /home/ben/Data/PER/Ac6/SystemWorkbench/plugins/fr.ac6.mcu.externaltools.arm-none.linux64_1.12.0.201611241417/tools/compiler/bin/../lib/gcc/arm-none-eabi/5.4.1/../../../../arm-none-eabi/lib/armv7e-m/fpu/libc_nano.a(lib_a-init.o)
                0x08002d8c                __libc_init_array
 .text.memcpy   0x08002dd8       0x16 /home/ben/Data/PER/Ac6/SystemWorkbench/plugins/fr.ac6.mcu.externaltools.arm-none.linux64_1.12.0.201611241417/tools/compiler/bin/../lib/gcc/arm-none-eabi/5.4.1/../../../../arm-none-eabi/lib/armv7e-m/fpu/libc_nano.a(lib_a-memcpy-stub.o)
                0x08002dd8                memcpy
 .text.memset   0x08002dee       0x10 /home/ben/Data/PER/Ac6/SystemWorkbench/plugins/fr.ac6.mcu.externaltools.arm-none.linux64_1.12.0.201611241417/tools/compiler/bin/../lib/gcc/arm-none-eabi/5.4.1/../../../../arm-none-eabi/lib/armv7e-m/fpu/libc_nano.a(lib_a-memset.o)
                0x08002dee                memset
 *(.glue_7)
 .glue_7        0x08002dfe        0x0 linker stubs
 *(.glue_7t)
 .glue_7t       0x08002dfe        0x0 linker stubs
 *(.eh_frame)
 *fill*         0x08002dfe        0x2 
 .eh_frame      0x08002e00        0x0 /home/ben/Data/PER/Ac6/SystemWorkbench/plugins/fr.ac6.mcu.externaltools.arm-none.linux64_1.12.0.201611241417/tools/compiler/bin/../lib/gcc/arm-none-eabi/5.4.1/armv7e-m/fpu/crtbegin.o
 *(.init)
 .init          0x08002e00        0x4 /home/ben/Data/PER/Ac6/SystemWorkbench/plugins/fr.ac6.mcu.externaltools.arm-none.linux64_1.12.0.201611241417/tools/compiler/bin/../lib/gcc/arm-none-eabi/5.4.1/armv7e-m/fpu/crti.o
                0x08002e00                _init
 .init          0x08002e04        0x8 /home/ben/Data/PER/Ac6/SystemWorkbench/plugins/fr.ac6.mcu.externaltools.arm-none.linux64_1.12.0.201611241417/tools/compiler/bin/../lib/gcc/arm-none-eabi/5.4.1/armv7e-m/fpu/crtn.o
 *(.fini)
 .fini          0x08002e0c        0x4 /home/ben/Data/PER/Ac6/SystemWorkbench/plugins/fr.ac6.mcu.externaltools.arm-none.linux64_1.12.0.201611241417/tools/compiler/bin/../lib/gcc/arm-none-eabi/5.4.1/armv7e-m/fpu/crti.o
                0x08002e0c                _fini
 .fini          0x08002e10        0x8 /home/ben/Data/PER/Ac6/SystemWorkbench/plugins/fr.ac6.mcu.externaltools.arm-none.linux64_1.12.0.201611241417/tools/compiler/bin/../lib/gcc/arm-none-eabi/5.4.1/armv7e-m/fpu/crtn.o
                0x08002e18                . = ALIGN (0x8)
                0x08002e18                _etext = .

.vfp11_veneer   0x08002e18        0x0
 .vfp11_veneer  0x08002e18        0x0 linker stubs

.v4_bx          0x08002e18        0x0
 .v4_bx         0x08002e18        0x0 linker stubs

.iplt           0x08002e18        0x0
 .iplt          0x08002e18        0x0 /home/ben/Data/PER/Ac6/SystemWorkbench/plugins/fr.ac6.mcu.externaltools.arm-none.linux64_1.12.0.201611241417/tools/compiler/bin/../lib/gcc/arm-none-eabi/5.4.1/armv7e-m/fpu/crtbegin.o

.rodata         0x08002e18       0x78
                0x08002e18                . = ALIGN (0x8)
 *(.rodata)
 .rodata        0x08002e18       0x14 Src/main.o
 .rodata        0x08002e2c       0x48 Src/system_stm32l4xx.o
                0x08002e2c                MSIRangeTable
                0x08002e5c                AHBPrescTable
                0x08002e6c                APBPrescTable
 *(.rodata*)
 .rodata.str1.1
                0x08002e74        0x5 Middlewares/FreeRTOS/tasks.o
 .rodata.str1.1
                0x08002e79       0x13 Src/main.o
                0x08002e90                . = ALIGN (0x8)
 *fill*         0x08002e8c        0x4 

.rel.dyn        0x08002e90        0x0
 .rel.iplt      0x08002e90        0x0 /home/ben/Data/PER/Ac6/SystemWorkbench/plugins/fr.ac6.mcu.externaltools.arm-none.linux64_1.12.0.201611241417/tools/compiler/bin/../lib/gcc/arm-none-eabi/5.4.1/armv7e-m/fpu/crtbegin.o

.ARM.extab      0x08002e90        0x0
                0x08002e90                . = ALIGN (0x8)
 *(.ARM.extab* .gnu.linkonce.armextab.*)
                0x08002e90                . = ALIGN (0x8)

.ARM            0x08002e90        0x0
                0x08002e90                . = ALIGN (0x8)
                0x08002e90                __exidx_start = .
 *(.ARM.exidx*)
                0x08002e90                __exidx_end = .
                0x08002e90                . = ALIGN (0x8)

.preinit_array  0x08002e90        0x0
                0x08002e90                . = ALIGN (0x8)
                0x08002e90                PROVIDE (__preinit_array_start, .)
 *(.preinit_array*)
                0x08002e90                PROVIDE (__preinit_array_end, .)
                0x08002e90                . = ALIGN (0x8)

.init_array     0x08002e90        0x8
                0x08002e90                . = ALIGN (0x8)
                0x08002e90                PROVIDE (__init_array_start, .)
 *(SORT(.init_array.*))
 *(.init_array*)
 .init_array    0x08002e90        0x4 /home/ben/Data/PER/Ac6/SystemWorkbench/plugins/fr.ac6.mcu.externaltools.arm-none.linux64_1.12.0.201611241417/tools/compiler/bin/../lib/gcc/arm-none-eabi/5.4.1/armv7e-m/fpu/crtbegin.o
                0x08002e94                PROVIDE (__init_array_end, .)
                0x08002e98                . = ALIGN (0x8)
 *fill*         0x08002e94        0x4 

.fini_array     0x08002e98        0x8
                0x08002e98                . = ALIGN (0x8)
                [!provide]                PROVIDE (__fini_array_start, .)
 *(SORT(.fini_array.*))
 *(.fini_array*)
 .fini_array    0x08002e98        0x4 /home/ben/Data/PER/Ac6/SystemWorkbench/plugins/fr.ac6.mcu.externaltools.arm-none.linux64_1.12.0.201611241417/tools/compiler/bin/../lib/gcc/arm-none-eabi/5.4.1/armv7e-m/fpu/crtbegin.o
                [!provide]                PROVIDE (__fini_array_end, .)
                0x08002ea0                . = ALIGN (0x8)
 *fill*         0x08002e9c        0x4 
                0x08002ea0                _sidata = LOADADDR (.data)

.data           0x20000000        0x8 load address 0x08002ea0
                0x20000000                . = ALIGN (0x8)
                0x20000000                _sdata = .
 *(.data)
 .data          0x20000000        0x4 Middlewares/FreeRTOS/port.o
 .data          0x20000004        0x4 Src/system_stm32l4xx.o
                0x20000004                SystemCoreClock
 *(.data*)
                0x20000008                . = ALIGN (0x8)
                0x20000008                _edata = .

.jcr            0x20000008        0x0 load address 0x08002ea8
 .jcr           0x20000008        0x0 /home/ben/Data/PER/Ac6/SystemWorkbench/plugins/fr.ac6.mcu.externaltools.arm-none.linux64_1.12.0.201611241417/tools/compiler/bin/../lib/gcc/arm-none-eabi/5.4.1/armv7e-m/fpu/crtbegin.o

.igot.plt       0x20000008        0x0 load address 0x08002ea8
 .igot.plt      0x20000008        0x0 /home/ben/Data/PER/Ac6/SystemWorkbench/plugins/fr.ac6.mcu.externaltools.arm-none.linux64_1.12.0.201611241417/tools/compiler/bin/../lib/gcc/arm-none-eabi/5.4.1/armv7e-m/fpu/crtbegin.o
                0x20000008                . = ALIGN (0x4)

.bss            0x20000008      0xdb0 load address 0x08002ea8
                0x20000008                _sbss = .
                0x20000008                __bss_start__ = _sbss
 *(.bss)
 .bss           0x20000008       0x1c /home/ben/Data/PER/Ac6/SystemWorkbench/plugins/fr.ac6.mcu.externaltools.arm-none.linux64_1.12.0.201611241417/tools/compiler/bin/../lib/gcc/arm-none-eabi/5.4.1/armv7e-m/fpu/crtbegin.o
 .bss           0x20000024      0xbd0 Middlewares/FreeRTOS/heap_4.o
 .bss           0x20000bf4        0x8 Middlewares/FreeRTOS/port.o
 .bss           0x20000bfc      0x128 Middlewares/FreeRTOS/tasks.o
                0x20000c04                pxCurrentTCB
 *(.bss*)
 *(COMMON)
 COMMON         0x20000d24        0x4 Drivers/STM32L4xx_HAL_Driver/stm32l4xx_hal.o
                0x20000d24                uwTick
 COMMON         0x20000d28       0x50 Src/main.o
                0x20000d28                defaultTaskHandle
                0x20000d2c                i
                0x20000d30                hcan1
                0x20000d70                m_CAN
                0x20000d74                q_txcan
 COMMON         0x20000d78       0x3c Src/stm32l4xx_hal_timebase_TIM.o
                0x20000d78                htim1
 COMMON         0x20000db4        0x4 Src/stm32l4xx_it.o
                0x20000db4                BTN1_LastPressedTime
                0x20000db8                . = ALIGN (0x4)
                0x20000db8                _ebss = .
                0x20000db8                __bss_end__ = _ebss

._user_heap_stack
                0x20000db8      0x600 load address 0x08002ea8
                0x20000db8                . = ALIGN (0x8)
                [!provide]                PROVIDE (end, .)
                [!provide]                PROVIDE (_end, .)
                0x20000fb8                . = (. + _Min_Heap_Size)
 *fill*         0x20000db8      0x200 
                0x200013b8                . = (. + _Min_Stack_Size)
 *fill*         0x20000fb8      0x400 
                0x200013b8                . = ALIGN (0x8)

/DISCARD/
 libc.a(*)
 libm.a(*)
 libgcc.a(*)

.ARM.attributes
                0x00000000       0x30
 *(.ARM.attributes)
 .ARM.attributes
                0x00000000       0x22 /home/ben/Data/PER/Ac6/SystemWorkbench/plugins/fr.ac6.mcu.externaltools.arm-none.linux64_1.12.0.201611241417/tools/compiler/bin/../lib/gcc/arm-none-eabi/5.4.1/armv7e-m/fpu/crti.o
 .ARM.attributes
                0x00000022       0x34 /home/ben/Data/PER/Ac6/SystemWorkbench/plugins/fr.ac6.mcu.externaltools.arm-none.linux64_1.12.0.201611241417/tools/compiler/bin/../lib/gcc/arm-none-eabi/5.4.1/armv7e-m/fpu/crtbegin.o
 .ARM.attributes
                0x00000056       0x39 Drivers/STM32L4xx_HAL_Driver/stm32l4xx_hal.o
 .ARM.attributes
                0x0000008f       0x39 Drivers/STM32L4xx_HAL_Driver/stm32l4xx_hal_can.o
 .ARM.attributes
                0x000000c8       0x39 Drivers/STM32L4xx_HAL_Driver/stm32l4xx_hal_cortex.o
 .ARM.attributes
                0x00000101       0x39 Drivers/STM32L4xx_HAL_Driver/stm32l4xx_hal_gpio.o
 .ARM.attributes
                0x0000013a       0x39 Drivers/STM32L4xx_HAL_Driver/stm32l4xx_hal_pwr_ex.o
 .ARM.attributes
                0x00000173       0x39 Drivers/STM32L4xx_HAL_Driver/stm32l4xx_hal_rcc.o
 .ARM.attributes
                0x000001ac       0x39 Drivers/STM32L4xx_HAL_Driver/stm32l4xx_hal_tim.o
 .ARM.attributes
                0x000001e5       0x39 Drivers/STM32L4xx_HAL_Driver/stm32l4xx_hal_tim_ex.o
 .ARM.attributes
                0x0000021e       0x39 Middlewares/FreeRTOS/cmsis_os.o
 .ARM.attributes
                0x00000257       0x39 Middlewares/FreeRTOS/heap_4.o
 .ARM.attributes
                0x00000290       0x39 Middlewares/FreeRTOS/list.o
 .ARM.attributes
                0x000002c9       0x39 Middlewares/FreeRTOS/port.o
 .ARM.attributes
                0x00000302       0x39 Middlewares/FreeRTOS/queue.o
 .ARM.attributes
                0x0000033b       0x39 Middlewares/FreeRTOS/tasks.o
 .ARM.attributes
                0x00000374       0x39 Src/main.o
 .ARM.attributes
                0x000003ad       0x39 Src/stm32l4xx_hal_msp.o
 .ARM.attributes
                0x000003e6       0x39 Src/stm32l4xx_hal_timebase_TIM.o
 .ARM.attributes
                0x0000041f       0x39 Src/stm32l4xx_it.o
 .ARM.attributes
                0x00000458       0x39 Src/system_stm32l4xx.o
 .ARM.attributes
                0x00000491       0x21 startup/startup_stm32l432xx.o
 .ARM.attributes
                0x000004b2       0x34 /home/ben/Data/PER/Ac6/SystemWorkbench/plugins/fr.ac6.mcu.externaltools.arm-none.linux64_1.12.0.201611241417/tools/compiler/bin/../lib/gcc/arm-none-eabi/5.4.1/../../../../arm-none-eabi/lib/armv7e-m/fpu/libc_nano.a(lib_a-init.o)
 .ARM.attributes
                0x000004e6       0x34 /home/ben/Data/PER/Ac6/SystemWorkbench/plugins/fr.ac6.mcu.externaltools.arm-none.linux64_1.12.0.201611241417/tools/compiler/bin/../lib/gcc/arm-none-eabi/5.4.1/../../../../arm-none-eabi/lib/armv7e-m/fpu/libc_nano.a(lib_a-memcpy-stub.o)
 .ARM.attributes
                0x0000051a       0x34 /home/ben/Data/PER/Ac6/SystemWorkbench/plugins/fr.ac6.mcu.externaltools.arm-none.linux64_1.12.0.201611241417/tools/compiler/bin/../lib/gcc/arm-none-eabi/5.4.1/../../../../arm-none-eabi/lib/armv7e-m/fpu/libc_nano.a(lib_a-memset.o)
 .ARM.attributes
                0x0000054e       0x22 /home/ben/Data/PER/Ac6/SystemWorkbench/plugins/fr.ac6.mcu.externaltools.arm-none.linux64_1.12.0.201611241417/tools/compiler/bin/../lib/gcc/arm-none-eabi/5.4.1/armv7e-m/fpu/crtn.o
OUTPUT(L4RTOSTest.elf elf32-littlearm)

.debug_info     0x00000000    0x12cb0
 .debug_info    0x00000000      0x8b7 Drivers/STM32L4xx_HAL_Driver/stm32l4xx_hal.o
 .debug_info    0x000008b7      0xb08 Drivers/STM32L4xx_HAL_Driver/stm32l4xx_hal_can.o
 .debug_info    0x000013bf      0xe0b Drivers/STM32L4xx_HAL_Driver/stm32l4xx_hal_cortex.o
 .debug_info    0x000021ca      0x7ef Drivers/STM32L4xx_HAL_Driver/stm32l4xx_hal_gpio.o
 .debug_info    0x000029b9      0x991 Drivers/STM32L4xx_HAL_Driver/stm32l4xx_hal_pwr_ex.o
 .debug_info    0x0000334a     0x10e9 Drivers/STM32L4xx_HAL_Driver/stm32l4xx_hal_rcc.o
 .debug_info    0x00004433     0x2efc Drivers/STM32L4xx_HAL_Driver/stm32l4xx_hal_tim.o
 .debug_info    0x0000732f     0x1145 Drivers/STM32L4xx_HAL_Driver/stm32l4xx_hal_tim_ex.o
 .debug_info    0x00008474     0x1ae7 Middlewares/FreeRTOS/cmsis_os.o
 .debug_info    0x00009f5b      0x486 Middlewares/FreeRTOS/heap_4.o
 .debug_info    0x0000a3e1      0x2a1 Middlewares/FreeRTOS/list.o
 .debug_info    0x0000a682      0x557 Middlewares/FreeRTOS/port.o
 .debug_info    0x0000abd9     0x1674 Middlewares/FreeRTOS/queue.o
 .debug_info    0x0000c24d     0x2707 Middlewares/FreeRTOS/tasks.o
 .debug_info    0x0000e954     0x17b6 Src/main.o
 .debug_info    0x0001010a      0xcbf Src/stm32l4xx_hal_msp.o
 .debug_info    0x00010dc9      0xb4e Src/stm32l4xx_hal_timebase_TIM.o
 .debug_info    0x00011917      0xd65 Src/stm32l4xx_it.o
 .debug_info    0x0001267c      0x5bf Src/system_stm32l4xx.o
 .debug_info    0x00012c3b       0x75 startup/startup_stm32l432xx.o

.debug_abbrev   0x00000000     0x2cdf
 .debug_abbrev  0x00000000      0x1f2 Drivers/STM32L4xx_HAL_Driver/stm32l4xx_hal.o
 .debug_abbrev  0x000001f2      0x282 Drivers/STM32L4xx_HAL_Driver/stm32l4xx_hal_can.o
 .debug_abbrev  0x00000474      0x316 Drivers/STM32L4xx_HAL_Driver/stm32l4xx_hal_cortex.o
 .debug_abbrev  0x0000078a      0x1cb Drivers/STM32L4xx_HAL_Driver/stm32l4xx_hal_gpio.o
 .debug_abbrev  0x00000955      0x25f Drivers/STM32L4xx_HAL_Driver/stm32l4xx_hal_pwr_ex.o
 .debug_abbrev  0x00000bb4      0x2cd Drivers/STM32L4xx_HAL_Driver/stm32l4xx_hal_rcc.o
 .debug_abbrev  0x00000e81      0x313 Drivers/STM32L4xx_HAL_Driver/stm32l4xx_hal_tim.o
 .debug_abbrev  0x00001194      0x273 Drivers/STM32L4xx_HAL_Driver/stm32l4xx_hal_tim_ex.o
 .debug_abbrev  0x00001407      0x36d Middlewares/FreeRTOS/cmsis_os.o
 .debug_abbrev  0x00001774      0x231 Middlewares/FreeRTOS/heap_4.o
 .debug_abbrev  0x000019a5       0xdd Middlewares/FreeRTOS/list.o
 .debug_abbrev  0x00001a82      0x21c Middlewares/FreeRTOS/port.o
 .debug_abbrev  0x00001c9e      0x2d1 Middlewares/FreeRTOS/queue.o
 .debug_abbrev  0x00001f6f      0x393 Middlewares/FreeRTOS/tasks.o
 .debug_abbrev  0x00002302      0x348 Src/main.o
 .debug_abbrev  0x0000264a      0x1a0 Src/stm32l4xx_hal_msp.o
 .debug_abbrev  0x000027ea      0x1d2 Src/stm32l4xx_hal_timebase_TIM.o
 .debug_abbrev  0x000029bc      0x1ec Src/stm32l4xx_it.o
 .debug_abbrev  0x00002ba8      0x125 Src/system_stm32l4xx.o
 .debug_abbrev  0x00002ccd       0x12 startup/startup_stm32l432xx.o

.debug_loc      0x00000000     0x8f93
 .debug_loc     0x00000000       0x69 Drivers/STM32L4xx_HAL_Driver/stm32l4xx_hal.o
 .debug_loc     0x00000069      0x4ee Drivers/STM32L4xx_HAL_Driver/stm32l4xx_hal_can.o
 .debug_loc     0x00000557      0x4ab Drivers/STM32L4xx_HAL_Driver/stm32l4xx_hal_cortex.o
 .debug_loc     0x00000a02      0x2a5 Drivers/STM32L4xx_HAL_Driver/stm32l4xx_hal_gpio.o
 .debug_loc     0x00000ca7      0x412 Drivers/STM32L4xx_HAL_Driver/stm32l4xx_hal_pwr_ex.o
 .debug_loc     0x000010b9      0x6d5 Drivers/STM32L4xx_HAL_Driver/stm32l4xx_hal_rcc.o
 .debug_loc     0x0000178e     0x3155 Drivers/STM32L4xx_HAL_Driver/stm32l4xx_hal_tim.o
 .debug_loc     0x000048e3      0xd52 Drivers/STM32L4xx_HAL_Driver/stm32l4xx_hal_tim_ex.o
 .debug_loc     0x00005635      0xf7e Middlewares/FreeRTOS/cmsis_os.o
 .debug_loc     0x000065b3      0x389 Middlewares/FreeRTOS/heap_4.o
 .debug_loc     0x0000693c       0x94 Middlewares/FreeRTOS/list.o
 .debug_loc     0x000069d0       0xae Middlewares/FreeRTOS/port.o
 .debug_loc     0x00006a7e      0xa46 Middlewares/FreeRTOS/queue.o
 .debug_loc     0x000074c4     0x182a Middlewares/FreeRTOS/tasks.o
 .debug_loc     0x00008cee       0x4d Src/main.o
 .debug_loc     0x00008d3b       0x4d Src/stm32l4xx_hal_msp.o
 .debug_loc     0x00008d88       0x94 Src/stm32l4xx_hal_timebase_TIM.o
 .debug_loc     0x00008e1c      0x177 Src/system_stm32l4xx.o

.debug_aranges  0x00000000      0xd50
 .debug_aranges
                0x00000000       0xd0 Drivers/STM32L4xx_HAL_Driver/stm32l4xx_hal.o
 .debug_aranges
                0x000000d0       0x88 Drivers/STM32L4xx_HAL_Driver/stm32l4xx_hal_can.o
 .debug_aranges
                0x00000158       0x98 Drivers/STM32L4xx_HAL_Driver/stm32l4xx_hal_cortex.o
 .debug_aranges
                0x000001f0       0x58 Drivers/STM32L4xx_HAL_Driver/stm32l4xx_hal_gpio.o
 .debug_aranges
                0x00000248      0x100 Drivers/STM32L4xx_HAL_Driver/stm32l4xx_hal_pwr_ex.o
 .debug_aranges
                0x00000348       0x88 Drivers/STM32L4xx_HAL_Driver/stm32l4xx_hal_rcc.o
 .debug_aranges
                0x000003d0      0x268 Drivers/STM32L4xx_HAL_Driver/stm32l4xx_hal_tim.o
 .debug_aranges
                0x00000638      0x100 Drivers/STM32L4xx_HAL_Driver/stm32l4xx_hal_tim_ex.o
 .debug_aranges
                0x00000738      0x178 Middlewares/FreeRTOS/cmsis_os.o
 .debug_aranges
                0x000008b0       0x48 Middlewares/FreeRTOS/heap_4.o
 .debug_aranges
                0x000008f8       0x40 Middlewares/FreeRTOS/list.o
 .debug_aranges
                0x00000938       0x80 Middlewares/FreeRTOS/port.o
 .debug_aranges
                0x000009b8       0xd0 Middlewares/FreeRTOS/queue.o
 .debug_aranges
                0x00000a88      0x190 Middlewares/FreeRTOS/tasks.o
 .debug_aranges
                0x00000c18       0x50 Src/main.o
 .debug_aranges
                0x00000c68       0x30 Src/stm32l4xx_hal_msp.o
 .debug_aranges
                0x00000c98       0x30 Src/stm32l4xx_hal_timebase_TIM.o
 .debug_aranges
                0x00000cc8       0x38 Src/stm32l4xx_it.o
 .debug_aranges
                0x00000d00       0x28 Src/system_stm32l4xx.o
 .debug_aranges
                0x00000d28       0x28 startup/startup_stm32l432xx.o

.debug_ranges   0x00000000      0xf50
 .debug_ranges  0x00000000       0xc0 Drivers/STM32L4xx_HAL_Driver/stm32l4xx_hal.o
 .debug_ranges  0x000000c0       0x78 Drivers/STM32L4xx_HAL_Driver/stm32l4xx_hal_can.o
 .debug_ranges  0x00000138      0x148 Drivers/STM32L4xx_HAL_Driver/stm32l4xx_hal_cortex.o
 .debug_ranges  0x00000280       0x60 Drivers/STM32L4xx_HAL_Driver/stm32l4xx_hal_gpio.o
 .debug_ranges  0x000002e0       0xf0 Drivers/STM32L4xx_HAL_Driver/stm32l4xx_hal_pwr_ex.o
 .debug_ranges  0x000003d0       0xc0 Drivers/STM32L4xx_HAL_Driver/stm32l4xx_hal_rcc.o
 .debug_ranges  0x00000490      0x318 Drivers/STM32L4xx_HAL_Driver/stm32l4xx_hal_tim.o
 .debug_ranges  0x000007a8       0xf0 Drivers/STM32L4xx_HAL_Driver/stm32l4xx_hal_tim_ex.o
 .debug_ranges  0x00000898      0x168 Middlewares/FreeRTOS/cmsis_os.o
 .debug_ranges  0x00000a00       0x38 Middlewares/FreeRTOS/heap_4.o
 .debug_ranges  0x00000a38       0x30 Middlewares/FreeRTOS/list.o
 .debug_ranges  0x00000a68       0x70 Middlewares/FreeRTOS/port.o
 .debug_ranges  0x00000ad8       0xc0 Middlewares/FreeRTOS/queue.o
 .debug_ranges  0x00000b98      0x218 Middlewares/FreeRTOS/tasks.o
 .debug_ranges  0x00000db0       0x90 Src/main.o
 .debug_ranges  0x00000e40       0x70 Src/stm32l4xx_hal_msp.o
 .debug_ranges  0x00000eb0       0x40 Src/stm32l4xx_hal_timebase_TIM.o
 .debug_ranges  0x00000ef0       0x28 Src/stm32l4xx_it.o
 .debug_ranges  0x00000f18       0x18 Src/system_stm32l4xx.o
 .debug_ranges  0x00000f30       0x20 startup/startup_stm32l432xx.o

.debug_macro    0x00000000    0x223f1
 .debug_macro   0x00000000      0x34b Drivers/STM32L4xx_HAL_Driver/stm32l4xx_hal.o
 .debug_macro   0x0000034b      0x89e Drivers/STM32L4xx_HAL_Driver/stm32l4xx_hal.o
 .debug_macro   0x00000be9       0x5e Drivers/STM32L4xx_HAL_Driver/stm32l4xx_hal.o
 .debug_macro   0x00000c47       0xb3 Drivers/STM32L4xx_HAL_Driver/stm32l4xx_hal.o
 .debug_macro   0x00000cfa       0x2e Drivers/STM32L4xx_HAL_Driver/stm32l4xx_hal.o
 .debug_macro   0x00000d28       0x28 Drivers/STM32L4xx_HAL_Driver/stm32l4xx_hal.o
 .debug_macro   0x00000d50       0x22 Drivers/STM32L4xx_HAL_Driver/stm32l4xx_hal.o
 .debug_macro   0x00000d72       0x87 Drivers/STM32L4xx_HAL_Driver/stm32l4xx_hal.o
 .debug_macro   0x00000df9       0x44 Drivers/STM32L4xx_HAL_Driver/stm32l4xx_hal.o
 .debug_macro   0x00000e3d       0xfd Drivers/STM32L4xx_HAL_Driver/stm32l4xx_hal.o
 .debug_macro   0x00000f3a       0x5e Drivers/STM32L4xx_HAL_Driver/stm32l4xx_hal.o
 .debug_macro   0x00000f98      0x1df Drivers/STM32L4xx_HAL_Driver/stm32l4xx_hal.o
 .debug_macro   0x00001177       0x35 Drivers/STM32L4xx_HAL_Driver/stm32l4xx_hal.o
 .debug_macro   0x000011ac       0x50 Drivers/STM32L4xx_HAL_Driver/stm32l4xx_hal.o
 .debug_macro   0x000011fc      0xe66 Drivers/STM32L4xx_HAL_Driver/stm32l4xx_hal.o
 .debug_macro   0x00002062    0x1472f Drivers/STM32L4xx_HAL_Driver/stm32l4xx_hal.o
 .debug_macro   0x00016791       0x43 Drivers/STM32L4xx_HAL_Driver/stm32l4xx_hal.o
 .debug_macro   0x000167d4     0x359e Drivers/STM32L4xx_HAL_Driver/stm32l4xx_hal.o
 .debug_macro   0x00019d72       0x52 Drivers/STM32L4xx_HAL_Driver/stm32l4xx_hal.o
 .debug_macro   0x00019dc4       0x35 Drivers/STM32L4xx_HAL_Driver/stm32l4xx_hal.o
 .debug_macro   0x00019df9       0x9c Drivers/STM32L4xx_HAL_Driver/stm32l4xx_hal.o
 .debug_macro   0x00019e95       0x16 Drivers/STM32L4xx_HAL_Driver/stm32l4xx_hal.o
 .debug_macro   0x00019eab       0x97 Drivers/STM32L4xx_HAL_Driver/stm32l4xx_hal.o
 .debug_macro   0x00019f42      0x30d Drivers/STM32L4xx_HAL_Driver/stm32l4xx_hal.o
 .debug_macro   0x0001a24f       0xfd Drivers/STM32L4xx_HAL_Driver/stm32l4xx_hal.o
 .debug_macro   0x0001a34c       0x10 Drivers/STM32L4xx_HAL_Driver/stm32l4xx_hal.o
 .debug_macro   0x0001a35c       0x52 Drivers/STM32L4xx_HAL_Driver/stm32l4xx_hal.o
 .debug_macro   0x0001a3ae       0x1f Drivers/STM32L4xx_HAL_Driver/stm32l4xx_hal.o
 .debug_macro   0x0001a3cd       0x43 Drivers/STM32L4xx_HAL_Driver/stm32l4xx_hal.o
 .debug_macro   0x0001a410       0x20 Drivers/STM32L4xx_HAL_Driver/stm32l4xx_hal.o
 .debug_macro   0x0001a430      0x187 Drivers/STM32L4xx_HAL_Driver/stm32l4xx_hal.o
 .debug_macro   0x0001a5b7       0x10 Drivers/STM32L4xx_HAL_Driver/stm32l4xx_hal.o
 .debug_macro   0x0001a5c7       0x1c Drivers/STM32L4xx_HAL_Driver/stm32l4xx_hal.o
 .debug_macro   0x0001a5e3       0x52 Drivers/STM32L4xx_HAL_Driver/stm32l4xx_hal.o
 .debug_macro   0x0001a635       0x40 Drivers/STM32L4xx_HAL_Driver/stm32l4xx_hal.o
 .debug_macro   0x0001a675       0x10 Drivers/STM32L4xx_HAL_Driver/stm32l4xx_hal.o
 .debug_macro   0x0001a685       0x40 Drivers/STM32L4xx_HAL_Driver/stm32l4xx_hal.o
 .debug_macro   0x0001a6c5       0xd7 Drivers/STM32L4xx_HAL_Driver/stm32l4xx_hal.o
 .debug_macro   0x0001a79c       0x16 Drivers/STM32L4xx_HAL_Driver/stm32l4xx_hal.o
 .debug_macro   0x0001a7b2      0x189 Drivers/STM32L4xx_HAL_Driver/stm32l4xx_hal.o
 .debug_macro   0x0001a93b       0x50 Drivers/STM32L4xx_HAL_Driver/stm32l4xx_hal.o
 .debug_macro   0x0001a98b     0x1192 Drivers/STM32L4xx_HAL_Driver/stm32l4xx_hal.o
 .debug_macro   0x0001bb1d      0x535 Drivers/STM32L4xx_HAL_Driver/stm32l4xx_hal.o
 .debug_macro   0x0001c052      0x148 Drivers/STM32L4xx_HAL_Driver/stm32l4xx_hal.o
 .debug_macro   0x0001c19a      0x10b Drivers/STM32L4xx_HAL_Driver/stm32l4xx_hal.o
 .debug_macro   0x0001c2a5      0x25d Drivers/STM32L4xx_HAL_Driver/stm32l4xx_hal.o
 .debug_macro   0x0001c502      0x23a Drivers/STM32L4xx_HAL_Driver/stm32l4xx_hal.o
 .debug_macro   0x0001c73c      0x360 Drivers/STM32L4xx_HAL_Driver/stm32l4xx_hal.o
 .debug_macro   0x0001ca9c      0x360 Drivers/STM32L4xx_HAL_Driver/stm32l4xx_hal.o
 .debug_macro   0x0001cdfc       0x10 Drivers/STM32L4xx_HAL_Driver/stm32l4xx_hal.o
 .debug_macro   0x0001ce0c       0xe4 Drivers/STM32L4xx_HAL_Driver/stm32l4xx_hal.o
 .debug_macro   0x0001cef0      0x202 Drivers/STM32L4xx_HAL_Driver/stm32l4xx_hal.o
 .debug_macro   0x0001d0f2       0x61 Drivers/STM32L4xx_HAL_Driver/stm32l4xx_hal.o
 .debug_macro   0x0001d153       0x90 Drivers/STM32L4xx_HAL_Driver/stm32l4xx_hal.o
 .debug_macro   0x0001d1e3      0x126 Drivers/STM32L4xx_HAL_Driver/stm32l4xx_hal.o
 .debug_macro   0x0001d309      0x2d2 Drivers/STM32L4xx_HAL_Driver/stm32l4xx_hal.o
 .debug_macro   0x0001d5db      0x9c6 Drivers/STM32L4xx_HAL_Driver/stm32l4xx_hal.o
 .debug_macro   0x0001dfa1      0x12f Drivers/STM32L4xx_HAL_Driver/stm32l4xx_hal.o
 .debug_macro   0x0001e0d0      0x27d Drivers/STM32L4xx_HAL_Driver/stm32l4xx_hal.o
 .debug_macro   0x0001e34d      0x309 Drivers/STM32L4xx_HAL_Driver/stm32l4xx_hal_can.o
 .debug_macro   0x0001e656      0x303 Drivers/STM32L4xx_HAL_Driver/stm32l4xx_hal_cortex.o
 .debug_macro   0x0001e959      0x342 Drivers/STM32L4xx_HAL_Driver/stm32l4xx_hal_gpio.o
 .debug_macro   0x0001ec9b      0x327 Drivers/STM32L4xx_HAL_Driver/stm32l4xx_hal_pwr_ex.o
 .debug_macro   0x0001efc2      0x345 Drivers/STM32L4xx_HAL_Driver/stm32l4xx_hal_rcc.o
 .debug_macro   0x0001f307      0x304 Drivers/STM32L4xx_HAL_Driver/stm32l4xx_hal_tim.o
 .debug_macro   0x0001f60b      0x315 Drivers/STM32L4xx_HAL_Driver/stm32l4xx_hal_tim_ex.o
 .debug_macro   0x0001f920      0x1ec Middlewares/FreeRTOS/cmsis_os.o
 .debug_macro   0x0001fb0c       0x4c Middlewares/FreeRTOS/cmsis_os.o
 .debug_macro   0x0001fb58       0x8d Middlewares/FreeRTOS/cmsis_os.o
 .debug_macro   0x0001fbe5      0x174 Middlewares/FreeRTOS/cmsis_os.o
 .debug_macro   0x0001fd59       0x4a Middlewares/FreeRTOS/cmsis_os.o
 .debug_macro   0x0001fda3       0x10 Middlewares/FreeRTOS/cmsis_os.o
 .debug_macro   0x0001fdb3       0x35 Middlewares/FreeRTOS/cmsis_os.o
 .debug_macro   0x0001fde8       0x16 Middlewares/FreeRTOS/cmsis_os.o
 .debug_macro   0x0001fdfe       0x26 Middlewares/FreeRTOS/cmsis_os.o
 .debug_macro   0x0001fe24       0xc6 Middlewares/FreeRTOS/cmsis_os.o
 .debug_macro   0x0001feea      0x15d Middlewares/FreeRTOS/cmsis_os.o
 .debug_macro   0x00020047       0xe4 Middlewares/FreeRTOS/cmsis_os.o
 .debug_macro   0x0002012b       0x10 Middlewares/FreeRTOS/cmsis_os.o
 .debug_macro   0x0002013b       0x1f Middlewares/FreeRTOS/cmsis_os.o
 .debug_macro   0x0002015a      0x3f4 Middlewares/FreeRTOS/cmsis_os.o
 .debug_macro   0x0002054e       0xc0 Middlewares/FreeRTOS/cmsis_os.o
 .debug_macro   0x0002060e       0x9a Middlewares/FreeRTOS/cmsis_os.o
 .debug_macro   0x000206a8       0x91 Middlewares/FreeRTOS/cmsis_os.o
 .debug_macro   0x00020739       0xb0 Middlewares/FreeRTOS/cmsis_os.o
 .debug_macro   0x000207e9       0x7f Middlewares/FreeRTOS/cmsis_os.o
 .debug_macro   0x00020868       0xcf Middlewares/FreeRTOS/cmsis_os.o
 .debug_macro   0x00020937      0x1b2 Middlewares/FreeRTOS/heap_4.o
 .debug_macro   0x00020ae9      0x18b Middlewares/FreeRTOS/list.o
 .debug_macro   0x00020c74      0x1a6 Middlewares/FreeRTOS/port.o
 .debug_macro   0x00020e1a      0x1fd Middlewares/FreeRTOS/queue.o
 .debug_macro   0x00021017       0x16 Middlewares/FreeRTOS/queue.o
 .debug_macro   0x0002102d      0x239 Middlewares/FreeRTOS/tasks.o
 .debug_macro   0x00021266       0x11 Middlewares/FreeRTOS/tasks.o
 .debug_macro   0x00021277      0x3ca Src/main.o
 .debug_macro   0x00021641       0xcc Src/main.o
 .debug_macro   0x0002170d      0x303 Src/stm32l4xx_hal_msp.o
 .debug_macro   0x00021a10      0x303 Src/stm32l4xx_hal_timebase_TIM.o
 .debug_macro   0x00021d13      0x3d4 Src/stm32l4xx_it.o
 .debug_macro   0x000220e7      0x30a Src/system_stm32l4xx.o

.debug_line     0x00000000     0xcf03
 .debug_line    0x00000000      0xa14 Drivers/STM32L4xx_HAL_Driver/stm32l4xx_hal.o
 .debug_line    0x00000a14      0xc3c Drivers/STM32L4xx_HAL_Driver/stm32l4xx_hal_can.o
 .debug_line    0x00001650      0xa67 Drivers/STM32L4xx_HAL_Driver/stm32l4xx_hal_cortex.o
 .debug_line    0x000020b7      0x9fe Drivers/STM32L4xx_HAL_Driver/stm32l4xx_hal_gpio.o
 .debug_line    0x00002ab5      0xb40 Drivers/STM32L4xx_HAL_Driver/stm32l4xx_hal_pwr_ex.o
 .debug_line    0x000035f5      0xc73 Drivers/STM32L4xx_HAL_Driver/stm32l4xx_hal_rcc.o
 .debug_line    0x00004268     0x1761 Drivers/STM32L4xx_HAL_Driver/stm32l4xx_hal_tim.o
 .debug_line    0x000059c9      0xd49 Drivers/STM32L4xx_HAL_Driver/stm32l4xx_hal_tim_ex.o
 .debug_line    0x00006712      0xb8d Middlewares/FreeRTOS/cmsis_os.o
 .debug_line    0x0000729f      0x6c8 Middlewares/FreeRTOS/heap_4.o
 .debug_line    0x00007967      0x609 Middlewares/FreeRTOS/list.o
 .debug_line    0x00007f70      0x694 Middlewares/FreeRTOS/port.o
 .debug_line    0x00008604      0xa99 Middlewares/FreeRTOS/queue.o
 .debug_line    0x0000909d      0xeb5 Middlewares/FreeRTOS/tasks.o
 .debug_line    0x00009f52      0xb37 Src/main.o
 .debug_line    0x0000aa89      0x87c Src/stm32l4xx_hal_msp.o
 .debug_line    0x0000b305      0x877 Src/stm32l4xx_hal_timebase_TIM.o
 .debug_line    0x0000bb7c      0xa9f Src/stm32l4xx_it.o
 .debug_line    0x0000c61b      0x869 Src/system_stm32l4xx.o
 .debug_line    0x0000ce84       0x7f startup/startup_stm32l432xx.o

.debug_str      0x00000000    0xc7ec3
 .debug_str     0x00000000    0xbd0ea Drivers/STM32L4xx_HAL_Driver/stm32l4xx_hal.o
                              0xbd4c2 (size before relaxing)
 .debug_str     0x000bd0ea      0x46d Drivers/STM32L4xx_HAL_Driver/stm32l4xx_hal_can.o
                              0xbceec (size before relaxing)
 .debug_str     0x000bd557      0x3a1 Drivers/STM32L4xx_HAL_Driver/stm32l4xx_hal_cortex.o
                              0xbd2ce (size before relaxing)
 .debug_str     0x000bd8f8      0x345 Drivers/STM32L4xx_HAL_Driver/stm32l4xx_hal_gpio.o
                              0xbce9a (size before relaxing)
 .debug_str     0x000bdc3d      0x42b Drivers/STM32L4xx_HAL_Driver/stm32l4xx_hal_pwr_ex.o
                              0xbd02b (size before relaxing)
 .debug_str     0x000be068      0x5a3 Drivers/STM32L4xx_HAL_Driver/stm32l4xx_hal_rcc.o
                              0xbd210 (size before relaxing)
 .debug_str     0x000be60b      0xe2b Drivers/STM32L4xx_HAL_Driver/stm32l4xx_hal_tim.o
                              0xbd934 (size before relaxing)
 .debug_str     0x000bf436      0x5bb Drivers/STM32L4xx_HAL_Driver/stm32l4xx_hal_tim_ex.o
                              0xbd4fd (size before relaxing)
 .debug_str     0x000bf9f1     0x5fd0 Middlewares/FreeRTOS/cmsis_os.o
                               0xc0a2 (size before relaxing)
 .debug_str     0x000c59c1      0x3be Middlewares/FreeRTOS/heap_4.o
                               0x9938 (size before relaxing)
 .debug_str     0x000c5d7f      0x170 Middlewares/FreeRTOS/list.o
                               0x9046 (size before relaxing)
 .debug_str     0x000c5eef      0x80b Middlewares/FreeRTOS/port.o
                               0x77a9 (size before relaxing)
 .debug_str     0x000c66fa      0x6e1 Middlewares/FreeRTOS/queue.o
                               0xaa1e (size before relaxing)
 .debug_str     0x000c6ddb      0xe71 Middlewares/FreeRTOS/tasks.o
                               0xb23d (size before relaxing)
 .debug_str     0x000c7c4c       0xf1 Src/main.o
                              0xc2ff0 (size before relaxing)
 .debug_str     0x000c7d3d       0x49 Src/stm32l4xx_hal_msp.o
                              0xbd245 (size before relaxing)
 .debug_str     0x000c7d86       0x61 Src/stm32l4xx_hal_timebase_TIM.o
                              0xbd42d (size before relaxing)
 .debug_str     0x000c7de7       0x8c Src/stm32l4xx_it.o
                              0xc2725 (size before relaxing)
 .debug_str     0x000c7e73       0x50 Src/system_stm32l4xx.o
                              0xbcbdd (size before relaxing)

.comment        0x00000000       0x6e
 .comment       0x00000000       0x6e Drivers/STM32L4xx_HAL_Driver/stm32l4xx_hal.o
                                 0x6f (size before relaxing)
 .comment       0x0000006e       0x6f Drivers/STM32L4xx_HAL_Driver/stm32l4xx_hal_can.o
 .comment       0x0000006e       0x6f Drivers/STM32L4xx_HAL_Driver/stm32l4xx_hal_cortex.o
 .comment       0x0000006e       0x6f Drivers/STM32L4xx_HAL_Driver/stm32l4xx_hal_gpio.o
 .comment       0x0000006e       0x6f Drivers/STM32L4xx_HAL_Driver/stm32l4xx_hal_pwr_ex.o
 .comment       0x0000006e       0x6f Drivers/STM32L4xx_HAL_Driver/stm32l4xx_hal_rcc.o
 .comment       0x0000006e       0x6f Drivers/STM32L4xx_HAL_Driver/stm32l4xx_hal_tim.o
 .comment       0x0000006e       0x6f Drivers/STM32L4xx_HAL_Driver/stm32l4xx_hal_tim_ex.o
 .comment       0x0000006e       0x6f Middlewares/FreeRTOS/cmsis_os.o
 .comment       0x0000006e       0x6f Middlewares/FreeRTOS/heap_4.o
 .comment       0x0000006e       0x6f Middlewares/FreeRTOS/list.o
 .comment       0x0000006e       0x6f Middlewares/FreeRTOS/port.o
 .comment       0x0000006e       0x6f Middlewares/FreeRTOS/queue.o
 .comment       0x0000006e       0x6f Middlewares/FreeRTOS/tasks.o
 .comment       0x0000006e       0x6f Src/main.o
 .comment       0x0000006e       0x6f Src/stm32l4xx_hal_msp.o
 .comment       0x0000006e       0x6f Src/stm32l4xx_hal_timebase_TIM.o
 .comment       0x0000006e       0x6f Src/stm32l4xx_it.o
 .comment       0x0000006e       0x6f Src/system_stm32l4xx.o

.debug_frame    0x00000000     0x25b0
 .debug_frame   0x00000000      0x1b4 Drivers/STM32L4xx_HAL_Driver/stm32l4xx_hal.o
 .debug_frame   0x000001b4      0x1b8 Drivers/STM32L4xx_HAL_Driver/stm32l4xx_hal_can.o
 .debug_frame   0x0000036c      0x130 Drivers/STM32L4xx_HAL_Driver/stm32l4xx_hal_cortex.o
 .debug_frame   0x0000049c       0xd4 Drivers/STM32L4xx_HAL_Driver/stm32l4xx_hal_gpio.o
 .debug_frame   0x00000570      0x1f8 Drivers/STM32L4xx_HAL_Driver/stm32l4xx_hal_pwr_ex.o
 .debug_frame   0x00000768      0x150 Drivers/STM32L4xx_HAL_Driver/stm32l4xx_hal_rcc.o
 .debug_frame   0x000008b8      0x8b0 Drivers/STM32L4xx_HAL_Driver/stm32l4xx_hal_tim.o
 .debug_frame   0x00001168      0x370 Drivers/STM32L4xx_HAL_Driver/stm32l4xx_hal_tim_ex.o
 .debug_frame   0x000014d8      0x460 Middlewares/FreeRTOS/cmsis_os.o
 .debug_frame   0x00001938       0xa4 Middlewares/FreeRTOS/heap_4.o
 .debug_frame   0x000019dc       0x6c Middlewares/FreeRTOS/list.o
 .debug_frame   0x00001a48       0xf0 Middlewares/FreeRTOS/port.o
 .debug_frame   0x00001b38      0x270 Middlewares/FreeRTOS/queue.o
 .debug_frame   0x00001da8      0x57c Middlewares/FreeRTOS/tasks.o
 .debug_frame   0x00002324       0xc0 Src/main.o
 .debug_frame   0x000023e4       0x6c Src/stm32l4xx_hal_msp.o
 .debug_frame   0x00002450       0x50 Src/stm32l4xx_hal_timebase_TIM.o
 .debug_frame   0x000024a0       0x60 Src/stm32l4xx_it.o
 .debug_frame   0x00002500       0x3c Src/system_stm32l4xx.o
 .debug_frame   0x0000253c       0x2c /home/ben/Data/PER/Ac6/SystemWorkbench/plugins/fr.ac6.mcu.externaltools.arm-none.linux64_1.12.0.201611241417/tools/compiler/bin/../lib/gcc/arm-none-eabi/5.4.1/../../../../arm-none-eabi/lib/armv7e-m/fpu/libc_nano.a(lib_a-init.o)
 .debug_frame   0x00002568       0x28 /home/ben/Data/PER/Ac6/SystemWorkbench/plugins/fr.ac6.mcu.externaltools.arm-none.linux64_1.12.0.201611241417/tools/compiler/bin/../lib/gcc/arm-none-eabi/5.4.1/../../../../arm-none-eabi/lib/armv7e-m/fpu/libc_nano.a(lib_a-memcpy-stub.o)
 .debug_frame   0x00002590       0x20 /home/ben/Data/PER/Ac6/SystemWorkbench/plugins/fr.ac6.mcu.externaltools.arm-none.linux64_1.12.0.201611241417/tools/compiler/bin/../lib/gcc/arm-none-eabi/5.4.1/../../../../arm-none-eabi/lib/armv7e-m/fpu/libc_nano.a(lib_a-memset.o)
